18:30:14 START 884111fc 1 geaendert
18:30:24 SCHRITT foundry-warm EXIT=0 (10 s)
18:30:41 SCHRITT portal-boot EXIT=0 (16 s)
18:31:03 SCHRITT foundry-deadlock EXIT=0 (22 s)
18:33:14 SCHRITT fernwald EXIT=0 (131 s)
18:33:24 SCHRITT weg-boden EXIT=0 (10 s)
18:33:39 SCHRITT boot-foliage-ring EXIT=0 (15 s)
18:33:59 SCHRITT foundry-impostor EXIT=0 (20 s)
18:34:12 SCHRITT v1-resolve EXIT=0 (12 s)
18:34:50 SCHRITT no-second-treebuilder EXIT=0 (38 s)
18:35:25 SCHRITT asset-inventory EXIT=0 (36 s)
18:36:26 SCHRITT freie-slots EXIT=0 (60 s)
18:36:30 SCHRITT weather-vector EXIT=0 (4 s)
18:36:31 SCHRITT season-meadow EXIT=0 (1 s)
18:37:06 SCHRITT foundry-memory EXIT=0 (35 s)
18:37:17 SCHRITT s4-impostor-workshop EXIT=0 (11 s)
18:37:26 SCHRITT nervensystem EXIT=0 (8 s)
18:37:37 SCHRITT nervensystem-vehicle EXIT=0 (11 s)
18:37:45 SCHRITT place-policy EXIT=0 (8 s)
18:37:56 SCHRITT vehicle-drive EXIT=0 (10 s)
18:38:08 SCHRITT nervensystem-porta EXIT=0 (12 s)
18:38:20 SCHRITT nervensystem-schmiede EXIT=0 (12 s)
18:38:27 SCHRITT vehicle-contract EXIT=0 (7 s)
18:38:34 SCHRITT porta-contract EXIT=0 (6 s)
18:38:37 SCHRITT schmiede-contract EXIT=0 (3 s)
18:38:39 SCHRITT gegenstand-stoff EXIT=0 (2 s)
18:38:44 SCHRITT albedo-tafel EXIT=0 (5 s)
18:38:54 SCHRITT nervensystem-fachwerk EXIT=0 (11 s)
18:40:09 SCHRITT fachwerk-contract EXIT=0 (74 s)
18:40:24 SCHRITT settlement EXIT=0 (15 s)
18:40:40 SCHRITT trias EXIT=0 (16 s)
18:40:51 SCHRITT nervensystem-labs EXIT=0 (11 s)
18:41:05 SCHRITT tier-gang EXIT=0 (14 s)
18:41:07 SCHRITT daten-contract EXIT=0 (2 s)
18:43:45 SCHRITT ofen-contract EXIT=0 (158 s)
18:45:50 SCHRITT klang-zensus EXIT=0 (125 s)
18:46:02 SCHRITT rezept-katalog EXIT=0 (12 s)
18:46:14 SCHRITT portal-gestalt EXIT=0 (12 s)
18:49:20 SCHRITT portal-konformanz EXIT=0 (186 s)
18:50:59 SCHRITT regler-wirkt EXIT=0 (99 s)
18:51:37 SCHRITT foundry-crossfade EXIT=0 (38 s)
18:51:38 REST ENDE
