1A (2b60988b) bereit 02:15:10
1A lauf fertig 02:17:22
1A band fertig 02:17:58
2B (516e704a) bereit 02:18:18
2B lauf fertig 02:20:17
2B band fertig 02:20:55
3A (2b60988b) bereit 02:21:09
3A lauf fertig 02:23:21
3A band fertig 02:23:57
4B (516e704a) bereit 02:24:11
4B lauf fertig 02:26:12
4B band fertig 02:26:46
5A (2b60988b) bereit 02:27:00
5A lauf fertig 02:29:11
5A band fertig 02:29:46
6B (516e704a) bereit 02:30:00
6B lauf fertig 02:31:59
6B band fertig 02:32:38
7A (2b60988b) bereit 02:32:58
7A lauf fertig 02:35:02
7A band fertig 02:35:36
8B (516e704a) bereit 02:35:51
8B lauf fertig 02:37:53
8B band fertig 02:38:26
8B selbsttest exit 0 02:39:29
8B zerlegen exit 0 02:40:56
8B shader exit 0 02:40:56
ALLES ENDE 02:41:01
