1A (2f237817) bereit 09:38:31
1A lauf fertig 09:40:29
1A band/profil fertig 09:41:18
2B (78d66a63) bereit 09:41:38
2B lauf fertig 09:43:40
2B band/profil fertig 09:44:33
3A (2f237817) bereit 09:44:48
3A lauf fertig 09:46:47
3A band/profil fertig 09:47:37
4B (78d66a63) bereit 09:47:56
4B lauf fertig 09:49:52
4B band/profil fertig 09:50:37
5A (2f237817) bereit 09:50:52
5A lauf fertig 09:52:50
5A band/profil fertig 09:53:37
6B (78d66a63) bereit 09:53:52
6B lauf fertig 09:55:51
6B band/profil fertig 09:56:36
7A (2f237817) bereit 09:56:50
7A lauf fertig 09:58:52
7A band/profil fertig 09:59:40
8B (78d66a63) bereit 09:59:55
8B lauf fertig 10:01:57
8B band/profil fertig 10:02:44
8B zerlegen exit 0 10:04:25
8B sicht exit 0 10:05:02
ALLES ENDE 10:05:06
