17:43:02 SERIE START  A=76c9624d (main V18.536)  B=cce9da43 (welle-m-boosts)  Instrument=cce9da43
17:43:02 anazhRealm.js  A=ed9547d9079aa0fd  B=99f5a0e6ef1e99e2
17:43:08 1A boot (Versuch 1)  GPU[62, 379 MHz, 27 %, P8] eigene-reste=0
17:43:09 1A Seite geliefert (ed9547d9079aa0fd)
17:45:45 1A exit=0  GRUEN |  | 
17:45:52 1A haenger-Sitzung  GPU[80, 1809 MHz, 3 %, P0] eigene-reste=1
17:47:02 1A haenger exit=0  C:\Users\micha\Desktop\AnazhRealm-OMEN\abab0710-11\1A-haenger.json 
17:47:14 1A Pause 60 s  GPU[76, 367 MHz, 24 %, P8] eigene-reste=0
17:48:19 2B boot (Versuch 1)  GPU[67, 215 MHz, 44 %, P8] eigene-reste=0
17:48:20 2B Seite geliefert (99f5a0e6ef1e99e2)
17:50:54 2B exit=0  GRUEN |  | 
17:51:02 2B haenger-Sitzung  GPU[78, 1746 MHz, 4 %, P0] eigene-reste=1
17:52:11 2B haenger exit=0  C:\Users\micha\Desktop\AnazhRealm-OMEN\abab0710-11\2B-haenger.json 
17:52:23 2B Pause 60 s  GPU[76, 379 MHz, 21 %, P8] eigene-reste=0
17:53:28 3A boot (Versuch 1)  GPU[67, 215 MHz, 29 %, P8] eigene-reste=0
17:53:29 3A Seite geliefert (ed9547d9079aa0fd)
17:56:03 3A exit=0  GRUEN |  | 
17:56:11 3A haenger-Sitzung  GPU[79, 1822 MHz, 3 %, P0] eigene-reste=1
17:57:20 3A haenger exit=0  C:\Users\micha\Desktop\AnazhRealm-OMEN\abab0710-11\3A-haenger.json 
17:57:32 3A Pause 60 s  GPU[77, 354 MHz, 22 %, P8] eigene-reste=0
17:58:38 4B boot (Versuch 1)  GPU[67, 227 MHz, 31 %, P8] eigene-reste=0
17:58:38 4B Seite geliefert (99f5a0e6ef1e99e2)
18:01:15 4B exit=0  GRUEN |  | 
18:01:23 4B haenger-Sitzung  GPU[79, 1708 MHz, 4 %, P0] eigene-reste=1
18:02:31 4B haenger exit=0  C:\Users\micha\Desktop\AnazhRealm-OMEN\abab0710-11\4B-haenger.json 
18:02:43 4B Pause 60 s  GPU[77, 417 MHz, 23 %, P8] eigene-reste=0
18:03:48 5A boot (Versuch 1)  GPU[68, 227 MHz, 25 %, P8] eigene-reste=0
18:03:49 5A Seite geliefert (ed9547d9079aa0fd)
18:06:24 5A exit=0  GRUEN |  | 
18:06:31 5A haenger-Sitzung  GPU[79, 1695 MHz, 4 %, P0] eigene-reste=1
18:07:40 5A haenger exit=0  C:\Users\micha\Desktop\AnazhRealm-OMEN\abab0710-11\5A-haenger.json 
18:07:52 5A Pause 60 s  GPU[77, 822 MHz, 10 %, P5] eigene-reste=0
18:08:58 6B boot (Versuch 1)  GPU[68, 227 MHz, 29 %, P8] eigene-reste=0
18:08:58 6B Seite geliefert (99f5a0e6ef1e99e2)
18:11:32 6B exit=0  GRUEN |  | 
18:11:40 6B haenger-Sitzung  GPU[78, 1708 MHz, 3 %, P0] eigene-reste=1
18:12:48 6B haenger exit=0  C:\Users\micha\Desktop\AnazhRealm-OMEN\abab0710-11\6B-haenger.json 
18:13:00 6B Pause 60 s  GPU[77, 822 MHz, 12 %, P5] eigene-reste=0
18:14:05 7A boot (Versuch 1)  GPU[68, 189 MHz, 30 %, P8] eigene-reste=0
18:14:06 7A Seite geliefert (ed9547d9079aa0fd)
18:16:41 7A exit=0  GRUEN |  | 
18:16:48 7A haenger-Sitzung  GPU[79, 1759 MHz, 3 %, P0] eigene-reste=1
18:17:57 7A haenger exit=0  C:\Users\micha\Desktop\AnazhRealm-OMEN\abab0710-11\7A-haenger.json 
18:18:05 A zerlegen + band genesis  GPU[79, 822 MHz, 5 %, P3] eigene-reste=1
18:20:55 A zerlegen exit=0
18:21:35 A band genesis exit=1  BAND ROT: Befehle 90/208 (0.43×) · Dreiecke 787k/680k (1.16×) · VRAM MB 141.4/118 (1.2×) · GPU ms/Frame 16.24/16.7 (0.97×) Klasse           Befehle Ist/Soll    haupt/k0/k1  Dreiecke Ist/Soll  Täter (Befehle) SUMME                   
18:21:47 7A Pause 60 s  GPU[77, 1683 MHz, 2 %, P0] eigene-reste=0
18:22:52 8B boot (Versuch 1)  GPU[68, 227 MHz, 27 %, P8] eigene-reste=0
18:22:53 8B Seite geliefert (99f5a0e6ef1e99e2)
18:25:28 8B exit=0  GRUEN |  | 
18:25:35 8B haenger-Sitzung  GPU[79, 1670 MHz, 4 %, P0] eigene-reste=1
18:26:44 8B haenger exit=0  C:\Users\micha\Desktop\AnazhRealm-OMEN\abab0710-11\8B-haenger.json 
18:26:53 B zerlegen + band genesis  GPU[79, 822 MHz, 3 %, P5] eigene-reste=1
18:29:55 B zerlegen exit=0
18:30:35 B band genesis exit=1  BAND ROT: Befehle 90/208 (0.43×) · Dreiecke 787k/680k (1.16×) · VRAM MB 141/118 (1.19×) · GPU ms/Frame 16.51/16.7 (0.99×) Klasse           Befehle Ist/Soll    haupt/k0/k1  Dreiecke Ist/Soll  Täter (Befehle) SUMME                    
18:30:48 8B Pause 60 s  GPU[78, 1683 MHz, 2 %, P0] eigene-reste=0
18:31:52 ALLES ENDE
