13:30:05 SERIE START  A=78d66a63 (mess-d)  B=9f50dc1d (mess-kmw)  Instrument=9f50dc1d
13:30:05 anazhRealm.js  A=e2bd66ffd997735e  B=c3a6530dbd320e1f
13:30:11 1A boot (Versuch 1)  GPU[61, 139 MHz, 12 %, P8] eigene-reste=0
13:30:12 1A Seite A geliefert (e2bd66ffd997735e)
13:33:03 1A exit=1  ROT |  | WETTER lauf-voll: sunny → rainy durch weather ← dslEval ← _tickWorldRules ← (anonym) ; WETTER lauf-voll: das Wetter ist „rainy", die Bühne hält „sunny" ; WETTER lauf-frei: sunny → rainy durch weather ← dslEval ← _tickWorldRules ← (anonym) ; WETTER lauf-frei: das Wetter ist „rainy", die Bühne hält „sunny" ; WETTER gpu-bank: sunny → rainy durch weather ← dslEval ← _tickWorldRules ← (anonym) ; WETTER band: sunny → rainy durch weather ← dslEval ← _tickWorldRules ← (anonym)
13:33:03 1A verworfen (1), wiederhole
13:33:39 1A boot (Versuch 2)  GPU[69, 139 MHz, 22 %, P8] eigene-reste=0
13:33:39 1A Seite A geliefert (e2bd66ffd997735e)
13:36:23 1A exit=0  GRUEN |  | 
13:36:24 1A Pause 60 s  GPU[81, 1721 MHz, 2 %, P0] eigene-reste=0
13:37:29 2B boot (Versuch 1)  GPU[70, 949 MHz, 4 %, P0] eigene-reste=0
13:37:30 2B Seite B geliefert (c3a6530dbd320e1f)
13:40:15 2B exit=0  GRUEN |  | 
13:40:15 2B Pause 60 s  GPU[81, 1822 MHz, 1 %, P0] eigene-reste=0
13:41:21 3A boot (Versuch 1)  GPU[68, 139 MHz, 14 %, P8] eigene-reste=0
13:41:21 3A Seite A geliefert (e2bd66ffd997735e)
13:44:04 3A exit=0  GRUEN |  | 
13:44:05 3A Pause 60 s  GPU[81, 1771 MHz, 2 %, P0] eigene-reste=0
13:45:10 4B boot (Versuch 1)  GPU[68, 139 MHz, 15 %, P8] eigene-reste=0
13:45:11 4B Seite B geliefert (c3a6530dbd320e1f)
13:47:55 4B exit=0  GRUEN |  | 
13:47:56 4B Pause 60 s  GPU[81, 1809 MHz, 2 %, P0] eigene-reste=0
13:49:01 5A boot (Versuch 1)  GPU[68, 139 MHz, 0 %, P8] eigene-reste=0
13:49:01 5A Seite A geliefert (e2bd66ffd997735e)
13:51:45 5A exit=0  GRUEN |  | 
13:51:46 5A Pause 60 s  GPU[81, 1822 MHz, 0 %, P0] eigene-reste=0
13:52:51 6B boot (Versuch 1)  GPU[69, 139 MHz, 14 %, P8] eigene-reste=0
13:52:52 6B Seite B geliefert (c3a6530dbd320e1f)
13:55:38 6B exit=0  GRUEN |  | 
13:55:39 6B Pause 60 s  GPU[80, 1771 MHz, 2 %, P0] eigene-reste=0
13:56:44 7A boot (Versuch 1)  GPU[68, 139 MHz, 14 %, P8] eigene-reste=0
13:56:45 7A Seite A geliefert (e2bd66ffd997735e)
13:59:28 7A exit=1  ROT |  | WETTER lauf-voll: sunny → rainy durch weather ← … ← dslRun ← _loopNexusUpdate ← (anonym) ; WETTER lauf-voll: rainy → sunny durch weather ← dslEval ← _tickWorldRules ← (anonym)
13:59:29 7A verworfen (1), wiederhole
14:00:04 7A boot (Versuch 2)  GPU[72, 139 MHz, 0 %, P8] eigene-reste=0
14:00:05 7A Seite A geliefert (e2bd66ffd997735e)
14:02:49 7A exit=0  GRUEN |  | 
14:02:50 7A Pause 60 s  GPU[81, 1721 MHz, 2 %, P0] eigene-reste=0
14:03:55 8B boot (Versuch 1)  GPU[69, 139 MHz, 3 %, P8] eigene-reste=0
14:03:55 8B Seite B geliefert (c3a6530dbd320e1f)
14:06:40 8B exit=0  GRUEN |  | 
14:06:41 8B Pause 60 s  GPU[81, 1784 MHz, 2 %, P0] eigene-reste=0
14:07:45 ALLES ENDE
