1A (cf9a07ba) bereit 00:25:33
1A 0-boot: Warnung=0 frames=
1A 1-umstellen: Warnung=0 frames=
1A 2-band: Warnung=1 frames=
1A 3-bank: Warnung=1 frames=
1A 4-ende: Warnung=1 frames=
1A fertig 00:27:22
2B (251f2f72) bereit 00:27:37
2B 0-boot: Warnung=0 frames=
2B 1-umstellen: Warnung=0 frames=
2B 2-band: Warnung=1 frames=
2B 3-bank: Warnung=1 frames=
2B 4-ende: Warnung=1 frames=
2B fertig 00:29:29
3A (cf9a07ba) bereit 00:29:44
3A 0-boot: Warnung=0 frames=
3A 1-umstellen: Warnung=0 frames=
3A 2-band: Warnung=1 frames=
3A 3-bank: Warnung=1 frames=
3A 4-ende: Warnung=1 frames=
3A fertig 00:31:35
4B (251f2f72) bereit 00:31:50
4B 0-boot: Warnung=0 frames=
4B 1-umstellen: Warnung=0 frames=
4B 2-band: Warnung=1 frames=
4B 3-bank: Warnung=1 frames=
4B 4-ende: Warnung=1 frames=
4B fertig 00:33:41
ALLES ENDE 00:33:45
