[folge] boot …
[folge] dorf-aus …
[folge] fenster …
[folge] umstellen …
[folge] buehne …
[folge] lauf-voll …
  ROT WELTAKT lauf-voll: das Spiel nennt keine Welt-Akte (AnazhRealm.DSL_WELTAKTE fehlt) — der Halt ist blind
[folge] lauf-frei …
  ROT WELTAKT lauf-frei: das Spiel nennt keine Welt-Akte (AnazhRealm.DSL_WELTAKTE fehlt) — der Halt ist blind
[folge] gpu-bank …
  ROT WELTAKT gpu-bank: das Spiel nennt keine Welt-Akte (AnazhRealm.DSL_WELTAKTE fehlt) — der Halt ist blind
[folge] band …
  ROT WELTAKT band: das Spiel nennt keine Welt-Akte (AnazhRealm.DSL_WELTAKTE fehlt) — der Halt ist blind
[folge] profil …
  ROT WELTAKT profil: das Spiel nennt keine Welt-Akte (AnazhRealm.DSL_WELTAKTE fehlt) — der Halt ist blind

MESS-FOLGE ROT — 5 Befunde
C:\Users\micha\Desktop\AnazhRealm-OMEN\abab0710-7\1A.json
  laufVoll: 50.7 fps · Frame p50/p95/max 16.7/25.1/33.6 ms · CPU p50/p95 6.5/9.4 · render-EWMA 3.08 · Tiere 11 (Sicht 2, nah 0, Schatten k0 0 / k1 0; bear 6, fox 5)
  laufFrei: 54.2 fps · Frame p50/p95/max 16.7/25.1/258.3 ms · CPU p50/p95 6.1/8.2 · render-EWMA 2.35 · Tiere 11 (Sicht 2, nah 0, Schatten k0 0 / k1 0; bear 6, fox 5)
  gpu-bank Gier 0: 17.65 ms je Frame (CPU 1.92) · Tiere 11 (Sicht 2, nah 0, Schatten k0 0 / k1 0; bear 6, fox 5)
  gpu-bank Gier -0.88: 16.33 ms je Frame (CPU 1.67) · Tiere 11 (Sicht 2, nah 0, Schatten k0 0 / k1 0; bear 6, fox 5)
  band: ROT (Linse ROT, Stempel GRUEN) · Tiere 11 (Sicht 2, nah 0, Schatten k0 0 / k1 0; bear 6, fox 5)
  profil: 598 Frames · Tiere 11 (Sicht 2, nah 0, Schatten k0 0 / k1 0; bear 6, fox 5)
  Werkbank-Ende: stop
