[folge] boot …
[folge] dorf-aus …
[folge] fenster …
[folge] umstellen …
[folge] buehne …
[folge] lauf-voll …
  ROT WELTAKT lauf-voll: das Spiel nennt keine Welt-Akte (AnazhRealm.DSL_WELTAKTE fehlt) — der Halt ist blind
[folge] lauf-frei …
  ROT WELTAKT lauf-frei: das Spiel nennt keine Welt-Akte (AnazhRealm.DSL_WELTAKTE fehlt) — der Halt ist blind
[folge] gpu-bank …
  ROT WELTAKT gpu-bank: das Spiel nennt keine Welt-Akte (AnazhRealm.DSL_WELTAKTE fehlt) — der Halt ist blind
[folge] band …
  ROT WELTAKT band: das Spiel nennt keine Welt-Akte (AnazhRealm.DSL_WELTAKTE fehlt) — der Halt ist blind
[folge] profil …
  ROT WELTAKT profil: das Spiel nennt keine Welt-Akte (AnazhRealm.DSL_WELTAKTE fehlt) — der Halt ist blind

MESS-FOLGE ROT — 5 Befunde
C:\Users\micha\Desktop\AnazhRealm-OMEN\abab0710-7\5A.json
  laufVoll: 63.9 fps · Frame p50/p95/max 16.7/24.9/33.3 ms · CPU p50/p95 6.2/8.9 · render-EWMA 2.65 · Tiere 11 (Sicht 1, nah 0, Schatten k0 0 / k1 0; bear 7, fox 4)
  laufFrei: 71.1 fps · Frame p50/p95/max 16.6/16.9/33.4 ms · CPU p50/p95 6/9.2 · render-EWMA 2.29 · Tiere 16 (Sicht 6, nah 0, Schatten k0 0 / k1 0; bear 9, fox 5, deer 2)
  gpu-bank Gier 0: 12.57 ms je Frame (CPU 1.92) · Tiere 16 (Sicht 6, nah 0, Schatten k0 0 / k1 0; bear 9, fox 5, deer 2)
  gpu-bank Gier -0.88: 12.04 ms je Frame (CPU 1.71) · Tiere 16 (Sicht 2, nah 0, Schatten k0 0 / k1 0; bear 9, fox 5, deer 2)
  band: ROT (Linse ROT, Stempel GRUEN) · Tiere 16 (Sicht 6, nah 0, Schatten k0 0 / k1 0; bear 9, fox 5, deer 2)
  profil: 754 Frames · Tiere 16 (Sicht 6, nah 0, Schatten k0 0 / k1 0; bear 9, fox 5, deer 2)
  Werkbank-Ende: stop
