[folge] boot …
[folge] dorf-aus …
[folge] fenster …
[folge] umstellen …
[folge] buehne …
[folge] lauf-voll …
  ROT WELTAKT lauf-voll: das Spiel nennt keine Welt-Akte (AnazhRealm.DSL_WELTAKTE fehlt) — der Halt ist blind
[folge] lauf-frei …
  ROT WELTAKT lauf-frei: das Spiel nennt keine Welt-Akte (AnazhRealm.DSL_WELTAKTE fehlt) — der Halt ist blind
[folge] gpu-bank …
  ROT WELTAKT gpu-bank: das Spiel nennt keine Welt-Akte (AnazhRealm.DSL_WELTAKTE fehlt) — der Halt ist blind
[folge] band …
  ROT WELTAKT band: das Spiel nennt keine Welt-Akte (AnazhRealm.DSL_WELTAKTE fehlt) — der Halt ist blind
[folge] profil …
  ROT WELTAKT profil: das Spiel nennt keine Welt-Akte (AnazhRealm.DSL_WELTAKTE fehlt) — der Halt ist blind

MESS-FOLGE ROT — 5 Befunde
C:\Users\micha\Desktop\AnazhRealm-OMEN\abab0710-7\7A.json
  laufVoll: 60.9 fps · Frame p50/p95/max 16.7/24.9/33.7 ms · CPU p50/p95 6.3/9.2 · render-EWMA 2.54 · Tiere 11 (Sicht 1, nah 0, Schatten k0 0 / k1 0; bear 7, fox 4)
  laufFrei: 59.6 fps · Frame p50/p95/max 16.7/25.1/91.7 ms · CPU p50/p95 8.2/16.5 · render-EWMA 5.8 · Tiere 20 (Sicht 6, nah 5, Schatten k0 9 / k1 0; bear 12, fox 6, deer 2)
  gpu-bank Gier 0: 15.57 ms je Frame (CPU 3.5) · Tiere 20 (Sicht 6, nah 5, Schatten k0 9 / k1 0; bear 12, fox 6, deer 2)
  gpu-bank Gier -0.88: 14.34 ms je Frame (CPU 3.2) · Tiere 20 (Sicht 6, nah 4, Schatten k0 9 / k1 9; bear 12, fox 6, deer 2)
  band: ROT (Linse ROT, Stempel GRUEN) · Tiere 20 (Sicht 6, nah 5, Schatten k0 9 / k1 0; bear 12, fox 6, deer 2)
  profil: 671 Frames · Tiere 20 (Sicht 5, nah 4, Schatten k0 9 / k1 9; bear 12, fox 6, deer 2)
  Werkbank-Ende: stop
