08:09:42 SERIE START  A=c966b9c3 (V18.535)  B=91c44f0f (welle-m-nexus)  Instrument=91c44f0f
08:09:43 anazhRealm.js  A=2f53ef3b3933426d  B=5d891c719e5a57d0
08:09:48 1A boot (Versuch 1)  GPU[61, 164 MHz, 21 %, P8] eigene-reste=0
08:09:49 1A Seite geliefert (2f53ef3b3933426d)
08:12:27 1A exit=1  GRUEN(A blind) |  | 
      [folge] gpu-bank …
        ROT WELTAKT gpu-bank: das Spiel nennt keine Welt-Akte (AnazhRealm.DSL_WELTAKTE fehlt) — der Halt ist blind
        ROT WELTAKT band: das Spiel nennt keine Welt-Akte (AnazhRealm.DSL_WELTAKTE fehlt) — der Halt ist blind
        laufVoll: 50.7 fps · Frame p50/p95/max 16.7/25.1/33.6 ms · CPU p50/p95 6.5/9.4 · render-EWMA 3.08 · Tiere 11 (Sicht 2, nah 0, Schatten k0 0 / k1 0; bear 6, fox 5)
        laufFrei: 54.2 fps · Frame p50/p95/max 16.7/25.1/258.3 ms · CPU p50/p95 6.1/8.2 · render-EWMA 2.35 · Tiere 11 (Sicht 2, nah 0, Schatten k0 0 / k1 0; bear 6, fox 5)
        gpu-bank Gier 0: 17.65 ms je Frame (CPU 1.92) · Tiere 11 (Sicht 2, nah 0, Schatten k0 0 / k1 0; bear 6, fox 5)
        gpu-bank Gier -0.88: 16.33 ms je Frame (CPU 1.67) · Tiere 11 (Sicht 2, nah 0, Schatten k0 0 / k1 0; bear 6, fox 5)
        band: ROT (Linse ROT, Stempel GRUEN) · Tiere 11 (Sicht 2, nah 0, Schatten k0 0 / k1 0; bear 6, fox 5)
08:12:33 1A Pause 60 s  GPU[80, 1771 MHz, 2 %, P0] eigene-reste=0
08:13:38 2B boot (Versuch 1)  GPU[66, 240 MHz, 25 %, P8] eigene-reste=0
08:13:39 2B Seite geliefert (5d891c719e5a57d0)
08:16:12 2B exit=0  GRUEN |  | 
      [folge] gpu-bank …
        laufVoll: 63.9 fps · Frame p50/p95/max 16.7/16.9/25.3 ms · CPU p50/p95 4.5/6.6 · render-EWMA 2.86 · Tiere 11 (Sicht 1, nah 0, Schatten k0 0 / k1 0; bear 7, fox 4)
        laufFrei: 71.9 fps · Frame p50/p95/max 16.6/16.8/33.3 ms · CPU p50/p95 4.2/6.6 · render-EWMA 2.2 · Tiere 11 (Sicht 1, nah 0, Schatten k0 0 / k1 0; bear 7, fox 4)
        gpu-bank Gier 0: 12.87 ms je Frame (CPU 1.96) · Tiere 11 (Sicht 1, nah 0, Schatten k0 0 / k1 0; bear 7, fox 4)
        gpu-bank Gier -0.88: 11.88 ms je Frame (CPU 1.88) · Tiere 11 (Sicht 2, nah 0, Schatten k0 0 / k1 0; bear 7, fox 4)
        band: ROT (Linse ROT, Stempel GRUEN) · Tiere 11 (Sicht 1, nah 0, Schatten k0 0 / k1 0; bear 7, fox 4)
08:16:18 2B Pause 60 s  GPU[80, 1695 MHz, 3 %, P0] eigene-reste=0
08:17:23 3A boot (Versuch 1)  GPU[67, 139 MHz, 23 %, P8] eigene-reste=0
08:17:24 3A Seite geliefert (2f53ef3b3933426d)
08:20:02 3A exit=1  GRUEN(A blind) |  | 
      [folge] gpu-bank …
        ROT WELTAKT gpu-bank: das Spiel nennt keine Welt-Akte (AnazhRealm.DSL_WELTAKTE fehlt) — der Halt ist blind
        ROT WELTAKT band: das Spiel nennt keine Welt-Akte (AnazhRealm.DSL_WELTAKTE fehlt) — der Halt ist blind
        laufVoll: 49.4 fps · Frame p50/p95/max 16.7/25.1/41.6 ms · CPU p50/p95 6.8/10.1 · render-EWMA 2.57 · Tiere 11 (Sicht 2, nah 0, Schatten k0 0 / k1 0; bear 6, fox 5)
        laufFrei: 51.9 fps · Frame p50/p95/max 16.7/25.1/249.9 ms · CPU p50/p95 6.4/8.9 · render-EWMA 2.1 · Tiere 11 (Sicht 2, nah 0, Schatten k0 0 / k1 0; bear 6, fox 5)
        gpu-bank Gier 0: 18.28 ms je Frame (CPU 1.82) · Tiere 11 (Sicht 2, nah 0, Schatten k0 0 / k1 0; bear 6, fox 5)
        gpu-bank Gier -0.88: 16.55 ms je Frame (CPU 1.66) · Tiere 11 (Sicht 2, nah 0, Schatten k0 0 / k1 0; bear 6, fox 5)
        band: ROT (Linse ROT, Stempel GRUEN) · Tiere 11 (Sicht 2, nah 0, Schatten k0 0 / k1 0; bear 6, fox 5)
08:20:07 3A Pause 60 s  GPU[79, 1771 MHz, 2 %, P0] eigene-reste=0
08:21:12 4B boot (Versuch 1)  GPU[67, 139 MHz, 22 %, P8] eigene-reste=0
08:21:13 4B Seite geliefert (5d891c719e5a57d0)
08:23:46 4B exit=0  GRUEN |  | 
      [folge] gpu-bank …
        laufVoll: 64.2 fps · Frame p50/p95/max 16.7/16.8/33.3 ms · CPU p50/p95 4.5/6.5 · render-EWMA 2.87 · Tiere 11 (Sicht 1, nah 0, Schatten k0 0 / k1 0; bear 7, fox 4)
        laufFrei: 71.7 fps · Frame p50/p95/max 16.6/16.8/66.7 ms · CPU p50/p95 4.2/7 · render-EWMA 2.32 · Tiere 11 (Sicht 1, nah 0, Schatten k0 0 / k1 0; bear 7, fox 4)
        gpu-bank Gier 0: 12.82 ms je Frame (CPU 1.69) · Tiere 11 (Sicht 1, nah 0, Schatten k0 0 / k1 0; bear 7, fox 4)
        gpu-bank Gier -0.88: 12.18 ms je Frame (CPU 1.83) · Tiere 11 (Sicht 2, nah 0, Schatten k0 0 / k1 0; bear 7, fox 4)
        band: ROT (Linse ROT, Stempel GRUEN) · Tiere 11 (Sicht 1, nah 0, Schatten k0 0 / k1 0; bear 7, fox 4)
08:23:52 4B Pause 60 s  GPU[81, 1797 MHz, 2 %, P0] eigene-reste=0
08:24:57 5A boot (Versuch 1)  GPU[67, 139 MHz, 24 %, P8] eigene-reste=0
08:24:58 5A Seite geliefert (2f53ef3b3933426d)
08:27:32 5A exit=1  GRUEN(A blind) |  | 
      [folge] gpu-bank …
        ROT WELTAKT gpu-bank: das Spiel nennt keine Welt-Akte (AnazhRealm.DSL_WELTAKTE fehlt) — der Halt ist blind
        ROT WELTAKT band: das Spiel nennt keine Welt-Akte (AnazhRealm.DSL_WELTAKTE fehlt) — der Halt ist blind
        laufVoll: 63.9 fps · Frame p50/p95/max 16.7/24.9/33.3 ms · CPU p50/p95 6.2/8.9 · render-EWMA 2.65 · Tiere 11 (Sicht 1, nah 0, Schatten k0 0 / k1 0; bear 7, fox 4)
        laufFrei: 71.1 fps · Frame p50/p95/max 16.6/16.9/33.4 ms · CPU p50/p95 6/9.2 · render-EWMA 2.29 · Tiere 16 (Sicht 6, nah 0, Schatten k0 0 / k1 0; bear 9, fox 5, deer 2)
        gpu-bank Gier 0: 12.57 ms je Frame (CPU 1.92) · Tiere 16 (Sicht 6, nah 0, Schatten k0 0 / k1 0; bear 9, fox 5, deer 2)
        gpu-bank Gier -0.88: 12.04 ms je Frame (CPU 1.71) · Tiere 16 (Sicht 2, nah 0, Schatten k0 0 / k1 0; bear 9, fox 5, deer 2)
        band: ROT (Linse ROT, Stempel GRUEN) · Tiere 16 (Sicht 6, nah 0, Schatten k0 0 / k1 0; bear 9, fox 5, deer 2)
08:27:37 5A Pause 60 s  GPU[81, 1784 MHz, 2 %, P0] eigene-reste=0
08:28:43 6B boot (Versuch 1)  GPU[67, 139 MHz, 24 %, P8] eigene-reste=0
08:28:44 6B Seite geliefert (5d891c719e5a57d0)
08:31:16 6B exit=0  GRUEN |  | 
      [folge] gpu-bank …
        laufVoll: 64.2 fps · Frame p50/p95/max 16.7/16.8/33.3 ms · CPU p50/p95 4.5/6.7 · render-EWMA 2.56 · Tiere 11 (Sicht 1, nah 0, Schatten k0 0 / k1 0; bear 7, fox 4)
        laufFrei: 72.1 fps · Frame p50/p95/max 16.6/16.8/33.3 ms · CPU p50/p95 4.1/6.9 · render-EWMA 2.98 · Tiere 11 (Sicht 1, nah 0, Schatten k0 0 / k1 0; bear 7, fox 4)
        gpu-bank Gier 0: 12.63 ms je Frame (CPU 1.92) · Tiere 11 (Sicht 1, nah 0, Schatten k0 0 / k1 0; bear 7, fox 4)
        gpu-bank Gier -0.88: 12.43 ms je Frame (CPU 1.68) · Tiere 11 (Sicht 2, nah 0, Schatten k0 0 / k1 0; bear 7, fox 4)
        band: ROT (Linse ROT, Stempel GRUEN) · Tiere 11 (Sicht 1, nah 0, Schatten k0 0 / k1 0; bear 7, fox 4)
08:31:21 6B Pause 60 s  GPU[81, 1809 MHz, 2 %, P0] eigene-reste=0
08:32:27 7A boot (Versuch 1)  GPU[67, 139 MHz, 25 %, P8] eigene-reste=0
08:32:28 7A Seite geliefert (2f53ef3b3933426d)
08:35:03 7A exit=1  GRUEN(A blind) |  | 
      [folge] gpu-bank …
        ROT WELTAKT gpu-bank: das Spiel nennt keine Welt-Akte (AnazhRealm.DSL_WELTAKTE fehlt) — der Halt ist blind
        ROT WELTAKT band: das Spiel nennt keine Welt-Akte (AnazhRealm.DSL_WELTAKTE fehlt) — der Halt ist blind
        laufVoll: 60.9 fps · Frame p50/p95/max 16.7/24.9/33.7 ms · CPU p50/p95 6.3/9.2 · render-EWMA 2.54 · Tiere 11 (Sicht 1, nah 0, Schatten k0 0 / k1 0; bear 7, fox 4)
        laufFrei: 59.6 fps · Frame p50/p95/max 16.7/25.1/91.7 ms · CPU p50/p95 8.2/16.5 · render-EWMA 5.8 · Tiere 20 (Sicht 6, nah 5, Schatten k0 9 / k1 0; bear 12, fox 6, deer 2)
        gpu-bank Gier 0: 15.57 ms je Frame (CPU 3.5) · Tiere 20 (Sicht 6, nah 5, Schatten k0 9 / k1 0; bear 12, fox 6, deer 2)
        gpu-bank Gier -0.88: 14.34 ms je Frame (CPU 3.2) · Tiere 20 (Sicht 6, nah 4, Schatten k0 9 / k1 9; bear 12, fox 6, deer 2)
        band: ROT (Linse ROT, Stempel GRUEN) · Tiere 20 (Sicht 6, nah 5, Schatten k0 9 / k1 0; bear 12, fox 6, deer 2)
08:35:08 7A Pause 60 s  GPU[80, 1708 MHz, 2 %, P0] eigene-reste=0
08:36:14 8B boot (Versuch 1)  GPU[67, 139 MHz, 15 %, P8] eigene-reste=0
08:36:15 8B Seite geliefert (5d891c719e5a57d0)
08:38:50 8B exit=0  GRUEN |  | 
      [folge] gpu-bank …
        laufVoll: 60.6 fps · Frame p50/p95/max 16.7/17/33.4 ms · CPU p50/p95 4.7/7 · render-EWMA 2.61 · Tiere 11 (Sicht 2, nah 0, Schatten k0 0 / k1 0; bear 6, fox 5)
        laufFrei: 65.5 fps · Frame p50/p95/max 16.6/17/257.7 ms · CPU p50/p95 4.4/7.4 · render-EWMA 2.16 · Tiere 11 (Sicht 2, nah 0, Schatten k0 0 / k1 0; bear 6, fox 5)
        gpu-bank Gier 0: 14.86 ms je Frame (CPU 1.97) · Tiere 11 (Sicht 2, nah 0, Schatten k0 0 / k1 0; bear 6, fox 5)
        gpu-bank Gier -0.88: 13.42 ms je Frame (CPU 1.92) · Tiere 11 (Sicht 3, nah 0, Schatten k0 0 / k1 0; bear 6, fox 5)
        band: ROT (Linse ROT, Stempel GRUEN) · Tiere 11 (Sicht 2, nah 0, Schatten k0 0 / k1 0; bear 6, fox 5)
08:38:55 8B Pause 60 s  GPU[80, 1695 MHz, 2 %, P0] eigene-reste=0
08:40:00 ALLES ENDE
