[folge] boot …
[folge] dorf-aus …
[folge] fenster …
[folge] umstellen …
[folge] buehne …
[folge] lauf-voll …
  ROT WELTAKT lauf-voll: das Spiel nennt keine Welt-Akte (AnazhRealm.DSL_WELTAKTE fehlt) — der Halt ist blind
[folge] lauf-frei …
  ROT WELTAKT lauf-frei: das Spiel nennt keine Welt-Akte (AnazhRealm.DSL_WELTAKTE fehlt) — der Halt ist blind
[folge] gpu-bank …
  ROT WELTAKT gpu-bank: das Spiel nennt keine Welt-Akte (AnazhRealm.DSL_WELTAKTE fehlt) — der Halt ist blind
[folge] band …
  ROT WELTAKT band: das Spiel nennt keine Welt-Akte (AnazhRealm.DSL_WELTAKTE fehlt) — der Halt ist blind
[folge] profil …
  ROT WELTAKT profil: das Spiel nennt keine Welt-Akte (AnazhRealm.DSL_WELTAKTE fehlt) — der Halt ist blind

MESS-FOLGE ROT — 5 Befunde
C:\Users\micha\Desktop\AnazhRealm-OMEN\abab536\1A.json
  laufVoll: 61.2 fps · Frame p50/p95/max 16.7/25/33.4 ms · CPU p50/p95 6.3/9.5 · render-EWMA 2.46 · Tiere 11 (Sicht 2, nah 0, Schatten k0 0 / k1 0; bear 6, fox 5)
  laufFrei: 65.3 fps · Frame p50/p95/max 16.6/24.9/291.4 ms · CPU p50/p95 6.5/9.9 · render-EWMA 2.52 · Tiere 20 (Sicht 11, nah 0, Schatten k0 0 / k1 0; bear 12, fox 7, deer 1)
  gpu-bank Gier 0: 14.78 ms je Frame (CPU 2.27) · Tiere 20 (Sicht 11, nah 0, Schatten k0 0 / k1 0; bear 12, fox 7, deer 1)
  gpu-bank Gier -0.88: 13.52 ms je Frame (CPU 1.72) · Tiere 20 (Sicht 2, nah 0, Schatten k0 0 / k1 0; bear 12, fox 7, deer 1)
  band: ROT (Linse ROT, Stempel GRUEN) · Tiere 20 (Sicht 11, nah 0, Schatten k0 0 / k1 0; bear 12, fox 7, deer 1)
  profil: 718 Frames · Tiere 20 (Sicht 11, nah 0, Schatten k0 0 / k1 0; bear 12, fox 7, deer 1)
  Werkbank-Ende: stop
