[folge] boot …
[folge] dorf-aus …
[folge] fenster …
[folge] umstellen …
[folge] buehne …
[folge] lauf-voll …
  ROT WELTAKT lauf-voll: das Spiel nennt keine Welt-Akte (AnazhRealm.DSL_WELTAKTE fehlt) — der Halt ist blind
[folge] lauf-frei …
  ROT WELTAKT lauf-frei: das Spiel nennt keine Welt-Akte (AnazhRealm.DSL_WELTAKTE fehlt) — der Halt ist blind
[folge] gpu-bank …
  ROT WELTAKT gpu-bank: das Spiel nennt keine Welt-Akte (AnazhRealm.DSL_WELTAKTE fehlt) — der Halt ist blind
[folge] band …
  ROT WELTAKT band: das Spiel nennt keine Welt-Akte (AnazhRealm.DSL_WELTAKTE fehlt) — der Halt ist blind
[folge] profil …
  ROT WELTAKT profil: das Spiel nennt keine Welt-Akte (AnazhRealm.DSL_WELTAKTE fehlt) — der Halt ist blind

MESS-FOLGE ROT — 5 Befunde
C:\Users\micha\Desktop\AnazhRealm-OMEN\abab536\3A.json
  laufVoll: 61 fps · Frame p50/p95/max 16.7/24.9/33.7 ms · CPU p50/p95 6.2/8.9 · render-EWMA 2.56 · Tiere 11 (Sicht 1, nah 0, Schatten k0 0 / k1 0; bear 7, fox 4)
  laufFrei: 65.8 fps · Frame p50/p95/max 16.6/17/249.8 ms · CPU p50/p95 6/8.6 · render-EWMA 5.69 · Tiere 12 (Sicht 1, nah 0, Schatten k0 0 / k1 0; bear 7, fox 5)
  gpu-bank Gier 0: 14.86 ms je Frame (CPU 1.93) · Tiere 12 (Sicht 1, nah 0, Schatten k0 0 / k1 0; bear 7, fox 5)
  gpu-bank Gier -0.88: 13.38 ms je Frame (CPU 1.84) · Tiere 12 (Sicht 2, nah 0, Schatten k0 0 / k1 0; bear 7, fox 5)
  band: ROT (Linse ROT, Stempel GRUEN) · Tiere 12 (Sicht 1, nah 0, Schatten k0 0 / k1 0; bear 7, fox 5)
  profil: 720 Frames · Tiere 12 (Sicht 1, nah 0, Schatten k0 0 / k1 0; bear 7, fox 5)
  Werkbank-Ende: stop
