[folge] boot …
[folge] dorf-aus …
[folge] fenster …
[folge] umstellen …
[folge] buehne …
[folge] lauf-voll …
  ROT WELTAKT lauf-voll: das Spiel nennt keine Welt-Akte (AnazhRealm.DSL_WELTAKTE fehlt) — der Halt ist blind
[folge] lauf-frei …
  ROT WELTAKT lauf-frei: das Spiel nennt keine Welt-Akte (AnazhRealm.DSL_WELTAKTE fehlt) — der Halt ist blind
[folge] gpu-bank …
  ROT WELTAKT gpu-bank: das Spiel nennt keine Welt-Akte (AnazhRealm.DSL_WELTAKTE fehlt) — der Halt ist blind
[folge] band …
  ROT WELTAKT band: das Spiel nennt keine Welt-Akte (AnazhRealm.DSL_WELTAKTE fehlt) — der Halt ist blind
[folge] profil …
  ROT WELTAKT profil: das Spiel nennt keine Welt-Akte (AnazhRealm.DSL_WELTAKTE fehlt) — der Halt ist blind

MESS-FOLGE ROT — 5 Befunde
C:\Users\micha\Desktop\AnazhRealm-OMEN\abab536\5A.json
  laufVoll: 58.3 fps · Frame p50/p95/max 16.7/25/58.4 ms · CPU p50/p95 8.7/13.3 · render-EWMA 3.99 · Tiere 18 (Sicht 3, nah 2, Schatten k0 7 / k1 0; bear 10, fox 6, deer 2)
  laufFrei: 63.8 fps · Frame p50/p95/max 16.6/25/258.3 ms · CPU p50/p95 7.9/12 · render-EWMA 7.49 · Tiere 18 (Sicht 3, nah 2, Schatten k0 7 / k1 0; bear 10, fox 6, deer 2)
  gpu-bank Gier 0: 15.32 ms je Frame (CPU 3.08) · Tiere 18 (Sicht 3, nah 2, Schatten k0 7 / k1 0; bear 10, fox 6, deer 2)
  gpu-bank Gier -0.88: 13.55 ms je Frame (CPU 2.51) · Tiere 18 (Sicht 3, nah 1, Schatten k0 7 / k1 7; bear 10, fox 6, deer 2)
  band: ROT (Linse ROT, Stempel GRUEN) · Tiere 18 (Sicht 3, nah 2, Schatten k0 6 / k1 0; bear 10, fox 6, deer 2)
  profil: 693 Frames · Tiere 18 (Sicht 3, nah 2, Schatten k0 7 / k1 7; bear 10, fox 6, deer 2)
  Werkbank-Ende: stop
