[folge] boot …
[folge] dorf-aus …
[folge] fenster …
[folge] umstellen …
[folge] buehne …
[folge] lauf-voll …
  ROT WELTAKT lauf-voll: das Spiel nennt keine Welt-Akte (AnazhRealm.DSL_WELTAKTE fehlt) — der Halt ist blind
[folge] lauf-frei …
  ROT WELTAKT lauf-frei: das Spiel nennt keine Welt-Akte (AnazhRealm.DSL_WELTAKTE fehlt) — der Halt ist blind
[folge] gpu-bank …
  ROT WELTAKT gpu-bank: das Spiel nennt keine Welt-Akte (AnazhRealm.DSL_WELTAKTE fehlt) — der Halt ist blind
[folge] band …
  ROT WELTAKT band: das Spiel nennt keine Welt-Akte (AnazhRealm.DSL_WELTAKTE fehlt) — der Halt ist blind
[folge] profil …
  ROT WELTAKT profil: das Spiel nennt keine Welt-Akte (AnazhRealm.DSL_WELTAKTE fehlt) — der Halt ist blind

MESS-FOLGE ROT — 5 Befunde
C:\Users\micha\Desktop\AnazhRealm-OMEN\abab536\7A.json
  laufVoll: 60.8 fps · Frame p50/p95/max 16.7/25/33.3 ms · CPU p50/p95 6.2/9.1 · render-EWMA 2.58 · Tiere 11 (Sicht 1, nah 0, Schatten k0 0 / k1 0; bear 7, fox 4)
  laufFrei: 66.4 fps · Frame p50/p95/max 16.7/17/33.4 ms · CPU p50/p95 5.9/9.2 · render-EWMA 2.55 · Tiere 11 (Sicht 1, nah 0, Schatten k0 0 / k1 0; bear 7, fox 4)
  gpu-bank Gier 0: 14.85 ms je Frame (CPU 1.73) · Tiere 11 (Sicht 1, nah 0, Schatten k0 0 / k1 0; bear 7, fox 4)
  gpu-bank Gier -0.88: 13.33 ms je Frame (CPU 1.67) · Tiere 11 (Sicht 2, nah 0, Schatten k0 0 / k1 0; bear 7, fox 4)
  band: ROT (Linse ROT, Stempel GRUEN) · Tiere 16 (Sicht 6, nah 5, Schatten k0 1 / k1 0; bear 11, fox 5)
  profil: 706 Frames · Tiere 16 (Sicht 6, nah 5, Schatten k0 2 / k1 2; bear 11, fox 5)
  Werkbank-Ende: stop
